  Determining projects to restore...
C:\Users\admin\Documents\SourceCode2025\quanlylophoc.iit.vn\ClassroomManagement.csproj : warning NU1510: PackageReference System.Drawing.Common will not be pruned. Consider removing this package from your dependencies, as it is likely unnecessary.
  Restored C:\Users\admin\Documents\SourceCode2025\quanlylophoc.iit.vn\ClassroomManagement.csproj (in 184 ms).
C:\Users\admin\Documents\SourceCode2025\quanlylophoc.iit.vn\ClassroomManagement.csproj : warning NU1510: PackageReference System.Drawing.Common will not be pruned. Consider removing this package from your dependencies, as it is likely unnecessary.
C:\Users\admin\Documents\SourceCode2025\quanlylophoc.iit.vn\ClassroomManagement_ugobj4zi_wpftmp.csproj : warning NU1510: PackageReference System.Drawing.Common will not be pruned. Consider removing this package from your dependencies, as it is likely unnecessary.
C:\Users\admin\Documents\SourceCode2025\quanlylophoc.iit.vn\Views\WhiteboardWindow.xaml.cs(20,16): warning CS8618: Non-nullable field '_currentDrawingAttributes' must contain a non-null value when exiting constructor. Consider adding the 'required' modifier or declaring the field as nullable. [C:\Users\admin\Documents\SourceCode2025\quanlylophoc.iit.vn\ClassroomManagement_ugobj4zi_wpftmp.csproj]
C:\Users\admin\Documents\SourceCode2025\quanlylophoc.iit.vn\Views\WhiteboardWindow.xaml.cs(217,44): error CS0246: The type or namespace name 'RenderTargetBitmap' could not be found (are you missing a using directive or an assembly reference?) [C:\Users\admin\Documents\SourceCode2025\quanlylophoc.iit.vn\ClassroomManagement_ugobj4zi_wpftmp.csproj]
C:\Users\admin\Documents\SourceCode2025\quanlylophoc.iit.vn\Views\WhiteboardWindow.xaml.cs(226,28): error CS0246: The type or namespace name 'BitmapEncoder' could not be found (are you missing a using directive or an assembly reference?) [C:\Users\admin\Documents\SourceCode2025\quanlylophoc.iit.vn\ClassroomManagement_ugobj4zi_wpftmp.csproj]
C:\Users\admin\Documents\SourceCode2025\quanlylophoc.iit.vn\Views\StudentWindow.xaml.cs(156,17): warning CS4014: Because this call is not awaited, execution of the current method continues before the call is completed. Consider applying the 'await' operator to the result of the call. [C:\Users\admin\Documents\SourceCode2025\quanlylophoc.iit.vn\ClassroomManagement_ugobj4zi_wpftmp.csproj]
C:\Users\admin\Documents\SourceCode2025\quanlylophoc.iit.vn\Services\NetworkServerService.cs(230,54): warning CS8601: Possible null reference assignment. [C:\Users\admin\Documents\SourceCode2025\quanlylophoc.iit.vn\ClassroomManagement_ugobj4zi_wpftmp.csproj]
C:\Users\admin\Documents\SourceCode2025\quanlylophoc.iit.vn\Services\NetworkServerService.cs(247,46): warning CS8601: Possible null reference assignment. [C:\Users\admin\Documents\SourceCode2025\quanlylophoc.iit.vn\ClassroomManagement_ugobj4zi_wpftmp.csproj]

Build FAILED.

C:\Users\admin\Documents\SourceCode2025\quanlylophoc.iit.vn\ClassroomManagement.csproj : warning NU1510: PackageReference System.Drawing.Common will not be pruned. Consider removing this package from your dependencies, as it is likely unnecessary.
C:\Users\admin\Documents\SourceCode2025\quanlylophoc.iit.vn\ClassroomManagement.csproj : warning NU1510: PackageReference System.Drawing.Common will not be pruned. Consider removing this package from your dependencies, as it is likely unnecessary.
C:\Users\admin\Documents\SourceCode2025\quanlylophoc.iit.vn\ClassroomManagement_ugobj4zi_wpftmp.csproj : warning NU1510: PackageReference System.Drawing.Common will not be pruned. Consider removing this package from your dependencies, as it is likely unnecessary.
C:\Users\admin\Documents\SourceCode2025\quanlylophoc.iit.vn\Views\WhiteboardWindow.xaml.cs(20,16): warning CS8618: Non-nullable field '_currentDrawingAttributes' must contain a non-null value when exiting constructor. Consider adding the 'required' modifier or declaring the field as nullable. [C:\Users\admin\Documents\SourceCode2025\quanlylophoc.iit.vn\ClassroomManagement_ugobj4zi_wpftmp.csproj]
C:\Users\admin\Documents\SourceCode2025\quanlylophoc.iit.vn\Views\StudentWindow.xaml.cs(156,17): warning CS4014: Because this call is not awaited, execution of the current method continues before the call is completed. Consider applying the 'await' operator to the result of the call. [C:\Users\admin\Documents\SourceCode2025\quanlylophoc.iit.vn\ClassroomManagement_ugobj4zi_wpftmp.csproj]
C:\Users\admin\Documents\SourceCode2025\quanlylophoc.iit.vn\Services\NetworkServerService.cs(230,54): warning CS8601: Possible null reference assignment. [C:\Users\admin\Documents\SourceCode2025\quanlylophoc.iit.vn\ClassroomManagement_ugobj4zi_wpftmp.csproj]
C:\Users\admin\Documents\SourceCode2025\quanlylophoc.iit.vn\Services\NetworkServerService.cs(247,46): warning CS8601: Possible null reference assignment. [C:\Users\admin\Documents\SourceCode2025\quanlylophoc.iit.vn\ClassroomManagement_ugobj4zi_wpftmp.csproj]
C:\Users\admin\Documents\SourceCode2025\quanlylophoc.iit.vn\Views\WhiteboardWindow.xaml.cs(217,44): error CS0246: The type or namespace name 'RenderTargetBitmap' could not be found (are you missing a using directive or an assembly reference?) [C:\Users\admin\Documents\SourceCode2025\quanlylophoc.iit.vn\ClassroomManagement_ugobj4zi_wpftmp.csproj]
C:\Users\admin\Documents\SourceCode2025\quanlylophoc.iit.vn\Views\WhiteboardWindow.xaml.cs(226,28): error CS0246: The type or namespace name 'BitmapEncoder' could not be found (are you missing a using directive or an assembly reference?) [C:\Users\admin\Documents\SourceCode2025\quanlylophoc.iit.vn\ClassroomManagement_ugobj4zi_wpftmp.csproj]
    7 Warning(s)
    2 Error(s)

Time Elapsed 00:00:01.15
